Welcome to Git (version 1.9.5-preview20141217)


Run 'git help git' to display the help index.
Run 'git help <command>' to display help for specific commands.

radhakrishnan.k@EGLUKKCDT022 ~
$ git config --global user.name "krkrishnan"

radhakrishnan.k@EGLUKKCDT022 ~
$ git config --global user.email "krkrishnan80@yahoo.com"

radhakrishnan.k@EGLUKKCDT022 ~
$ git remote add origin https://github.com/krkrishnan/Portal.git
fatal: Not a git repository (or any of the parent directories): .git

radhakrishnan.k@EGLUKKCDT022 ~
$ git remote add origin https://github.com/krkrishnan/Portal.gi
fatal: Not a git repository (or any of the parent directories): .git

radhakrishnan.k@EGLUKKCDT022 ~
$ git remote add origin https://github.com/krkrishnan/Portal
fatal: Not a git repository (or any of the parent directories): .git

radhakrishnan.k@EGLUKKCDT022 ~
$ git remote add origin https://github.com/krkrishnan/Portal.git
fatal: Not a git repository (or any of the parent directories): .git

radhakrishnan.k@EGLUKKCDT022 ~
$ mkdir C:\GitRepository\Portal

radhakrishnan.k@EGLUKKCDT022 ~
$ mkdir C:\GitRepository\Portal

radhakrishnan.k@EGLUKKCDT022 ~
$ mkdir C:/GitRepository/Portal

radhakrishnan.k@EGLUKKCDT022 ~
$ cd C:/GitRepository

radhakrishnan.k@EGLUKKCDT022 /c/GitRepository
$ cd C:/GitRepository/Portal

radhakrishnan.k@EGLUKKCDT022 /c/GitRepository/Portal
$ git init
Initialized empty Git repository in c:/GitRepository/Portal/.git/

radhakrishnan.k@EGLUKKCDT022 /c/GitRepository/Portal (master)
$ touch "C:\GitRepository\ReadMe.txt"

radhakrishnan.k@EGLUKKCDT022 /c/GitRepository/Portal (master)
$ touch C:/GitRepository/ReadMe.txt

radhakrishnan.k@EGLUKKCDT022 /c/GitRepository/Portal (master)
$ git add C:/GitRepository/ReadMe.txt
fatal: C:/GitRepository/ReadMe.txt: 'C:/GitRepository/ReadMe.txt' is outside rep
ository

radhakrishnan.k@EGLUKKCDT022 /c/GitRepository/Portal (master)
$ git add C:/GitRepository/ReadMe.txt
fatal: C:/GitRepository/ReadMe.txt: 'C:/GitRepository/ReadMe.txt' is outside rep
ository

radhakrishnan.k@EGLUKKCDT022 /c/GitRepository/Portal (master)
$ git add C:/GitRepository/Portal/ReadMe.txt

radhakrishnan.k@EGLUKKCDT022 /c/GitRepository/Portal (master)
$ git commit -m 'first commit'
[master (root-commit) 219e4d7] first commit
 1 file changed, 1 insertion(+)
 create mode 100644 ReadMe.txt

radhakrishnan.k@EGLUKKCDT022 /c/GitRepository/Portal (master)
$ git remote add origin https://github.com/krkrishnan/Portal.git

radhakrishnan.k@EGLUKKCDT022 /c/GitRepository/Portal (master)
$ git commit
On branch master
nothing to commit, working directory clean

radhakrishnan.k@EGLUKKCDT022 /c/GitRepository/Portal (master)
$ git commit
On branch master
Changes not staged for commit:
        modified:   ReadMe.txt

no changes added to commit

radhakrishnan.k@EGLUKKCDT022 /c/GitRepository/Portal (master)
$ git commit -m 'Changed commit'
[master 4581075] Changed commit
 2 files changed, 91 insertions(+), 1 deletion(-)
 create mode 100644 Note.txt

radhakrishnan.k@EGLUKKCDT022 /c/GitRepository/Portal (master)
$ git push origin master
Username for 'https://github.com': krkrishnan
Password for 'https://krkrishnan@github.com':
remote: Invalid username or password.
fatal: Authentication failed for 'https://github.com/krkrishnan/Portal.git/'

radhakrishnan.k@EGLUKKCDT022 /c/GitRepository/Portal (master)
$ git push origin master
Username for 'https://github.com': krkrishnan
Password for 'https://krkrishnan@github.com':
remote: Invalid username or password.
fatal: Authentication failed for 'https://github.com/krkrishnan/Portal.git/'

radhakrishnan.k@EGLUKKCDT022 /c/GitRepository/Portal (master)
$ git push origin master
Username for 'https://github.com': krkrishnan
Password for 'https://krkrishnan@github.com':
remote: Invalid username or password.
fatal: Authentication failed for 'https://github.com/krkrishnan/Portal.git/'

radhakrishnan.k@EGLUKKCDT022 /c/GitRepository/Portal (master)
$ git push origin master
Username for 'https://github.com': krkrishnan
Password for 'https://krkrishnan@github.com':
remote: Invalid username or password.
fatal: Authentication failed for 'https://github.com/krkrishnan/Portal.git/'

radhakrishnan.k@EGLUKKCDT022 /c/GitRepository/Portal (master)
$ git push origin master
Username for 'https://github.com': krkrishnan
Password for 'https://krkrishnan@github.com':
remote: Invalid username or password.
fatal: Authentication failed for 'https://github.com/krkrishnan/Portal.git/'

radhakrishnan.k@EGLUKKCDT022 /c/GitRepository/Portal (master)
$ git push origin master
Username for 'https://github.com': krkrishnan
Password for 'https://krkrishnan@github.com':
To https://github.com/krkrishnan/Portal.git
 ! [rejected]        master -> master (fetch first)
error: failed to push some refs to 'https://github.com/krkrishnan/Portal.git'
hint: Updates were rejected because the remote contains work that you do
hint: not have locally. This is usually caused by another repository pushing
hint: to the same ref. You may want to first integrate the remote changes
hint: (e.g., 'git pull ...') before pushing again.
hint: See the 'Note about fast-forwards' in 'git push --help' for details.

radhakrishnan.k@EGLUKKCDT022 /c/GitRepository/Portal (master)
$ git pull origin master
warning: no common commits
remote: Counting objects: 6, done.
remote: Compressing objects: 100% (3/3), done.
remote: Total 6 (delta 0), reused 0 (delta 0)
Unpacking objects: 100% (6/6), done.
From https://github.com/krkrishnan/Portal
 * branch            master     -> FETCH_HEAD
 * [new branch]      master     -> origin/master
Merge made by the 'recursive' strategy.
 README.md | 6 ++++++
 1 file changed, 6 insertions(+)
 create mode 100644 README.md

radhakrishnan.k@EGLUKKCDT022 /c/GitRepository/Portal (master)
$ git push origin master
Username for 'https://github.com': krkrishnan
Password for 'https://krkrishnan@github.com':
Counting objects: 10, done.
Delta compression using up to 2 threads.
Compressing objects: 100% (6/6), done.
Writing objects: 100% (9/9), 1.36 KiB | 0 bytes/s, done.
Total 9 (delta 0), reused 0 (delta 0)
To https://github.com/krkrishnan/Portal.git
   5be3641..22e3d48  master -> master

radhakrishnan.k@EGLUKKCDT022 /c/GitRepository/Portal (master)
$
